// Vitest Snapshot v1, https://vitest.dev/guide/snapshot.html

exports[`JournalPage > rend la page et le CTA Ajouter 1`] = `
<div>
  <main
    aria-label="Journal"
  >
    <div>
      Journal
    </div>
    <div>
      <form
        style="display: grid; gap: 10px;"
      >
        <label>
          Humeur
          <select>
            <option
              value="calme"
            >
              Calme
            </option>
            <option
              value="focus"
            >
              Focus
            </option>
            <option
              value="joyeux"
            >
              Joyeux
            </option>
            <option
              value="nostalgique"
            >
              Nostalgique
            </option>
            <option
              value="tendu"
            >
              Tendu
            </option>
          </select>
        </label>
        <label>
          Contenu
          <textarea
            placeholder="Écris librement…"
            rows="5"
          />
        </label>
        <label>
          Tags (séparés par des virgules)
          <input
            placeholder="ex: travail, sommeil, gratitude"
            type="text"
            value=""
          />
        </label>
        <div
          style="display: flex; gap: 8px;"
        >
          <button
            data-ui="primary-cta"
            type="submit"
          >
            Ajouter
          </button>
          <button
            type="button"
          >
            Vider
          </button>
        </div>
      </form>
    </div>
    <div>
      <section
        style="display: grid; gap: 8px;"
      >
        <label>
          Recherche
          <input
            placeholder="Texte ou #tag"
            type="search"
            value=""
          />
        </label>
        <div
          style="display: flex; flex-wrap: wrap; gap: 6px;"
        >
          <button
            aria-pressed="true"
            style="padding: 4px 8px; border-radius: 999px;"
          >
            Tous
          </button>
        </div>
        <ul
          style="list-style: none; padding: 0px; display: grid; gap: 8px;"
        >
          <em>
            Aucune entrée pour l’instant.
          </em>
        </ul>
      </section>
    </div>
  </main>
</div>
`;
