// Vitest Snapshot v1, https://vitest.dev/guide/snapshot.html

exports[`OnboardingPage > rend l’étape 1 et matche le snapshot 1`] = `
<div>
  <main aria-label="Parcours d’onboarding">
    <div>
      Bienvenue
    </div>
    <div>
      <section aria-labelledby="step1">
        <h2 id="step1">Bienvenue 👋</h2>
        <p>On va régler quelques préférences pour personnaliser ton expérience.</p>
        <button data-ui="primary-cta">Commencer</button>
      </section>
    </div>
  </main>
</div>
`;
